// Jest Snapshot v1, https://goo.gl/fbAQLP

exports[`Molecules/HomeItem should render snapshot 1`] = `
<View
  collapsable={false}
  pointerEvents="box-none"
  style={
    Object {
      "flex": 1,
    }
  }
>
  <View
    accessible={false}
    collapsable={false}
    focusable={true}
    onBlur={[Function]}
    onClick={[Function]}
    onFocus={[Function]}
    onResponderGrant={[Function]}
    onResponderMove={[Function]}
    onResponderRelease={[Function]}
    onResponderTerminate={[Function]}
    onResponderTerminationRequest={[Function]}
    onStartShouldSetResponder={[Function]}
    style={
      Array [
        Object {
          "alignItems": "center",
          "borderColor": "#00A3C9",
          "borderRadius": 2,
          "borderStyle": "solid",
          "borderWidth": 1,
          "flexBasis": 0,
          "flexGrow": 1,
          "flexShrink": 1,
          "height": 351,
          "justifyContent": "center",
          "marginRight": 0,
          "paddingBottom": 14,
          "paddingLeft": 14,
          "paddingRight": 14,
          "paddingTop": 14,
        },
      ]
    }
    testID="Pressable_HomeItem"
  >
    <Text
      allowFontScaling={false}
      style={
        Array [
          Object {
            "color": "#00C9D2",
            "fontSize": 12,
          },
          Array [
            Object {
              "fontSize": 28,
            },
          ],
          Object {
            "fontFamily": "Material Design Icons",
            "fontStyle": "normal",
            "fontWeight": "normal",
          },
          Object {},
        ]
      }
    >
      ó°ƒ­
    </Text>
    <Text
      style={
        Array [
          Object {
            "color": "#424242",
            "fontFamily": "System",
            "fontWeight": "400",
          },
          Object {
            "textAlign": "left",
          },
          Array [
            Object {
              "color": "#00C9D2",
              "fontSize": 16,
              "textAlign": "center",
              "textTransform": "uppercase",
            },
          ],
        ]
      }
    >
      Calendario
    </Text>
  </View>
</View>
`;
