// Jest Snapshot v1, https://goo.gl/fbAQLP

exports[`Atoms/Loader should render snapshot 1`] = `
<View
  collapsable={false}
  pointerEvents="box-none"
  style={
    Object {
      "flex": 1,
    }
  }
>
  <View
    accessibilityRole="progressbar"
    accessibilityState={
      Object {
        "busy": true,
      }
    }
    accessible={true}
    style={
      Array [
        Object {
          "alignItems": "center",
          "justifyContent": "center",
        },
        Array [
          Object {
            "marginBottom": 0,
            "marginLeft": 0,
            "marginRight": 0,
            "marginTop": 0,
          },
        ],
      ]
    }
    testID="View_Loader"
  >
    <View
      collapsable={false}
      style={
        Object {
          "height": 24,
          "opacity": 1,
          "width": 24,
        }
      }
    >
      <View
        collapsable={false}
        nativeID="animatedComponent"
        style={
          Object {
            "alignItems": "center",
            "bottom": 0,
            "justifyContent": "center",
            "left": 0,
            "position": "absolute",
            "right": 0,
            "top": 0,
          }
        }
      >
        <View
          style={
            Object {
              "height": 24,
              "transform": Array [
                Object {
                  "rotate": "45deg",
                },
              ],
              "width": 24,
            }
          }
        >
          <View
            collapsable={false}
            style={
              Object {
                "height": 12,
                "overflow": "hidden",
                "width": 24,
              }
            }
          >
            <View
              style={
                Object {
                  "height": 24,
                  "transform": Array [
                    Object {
                      "translateY": 0,
                    },
                    Object {
                      "rotate": "-165deg",
                    },
                  ],
                  "width": 24,
                }
              }
            >
              <View
                collapsable={false}
                style={
                  Object {
                    "height": 12,
                    "overflow": "hidden",
                    "width": 24,
                  }
                }
              >
                <View
                  collapsable={false}
                  nativeID="animatedComponent"
                  style={
                    Object {
                      "borderColor": "#00C9D2",
                      "borderRadius": 12,
                      "borderWidth": 2.4,
                      "height": 24,
                      "width": 24,
                    }
                  }
                />
              </View>
            </View>
          </View>
        </View>
      </View>
      <View
        collapsable={false}
        nativeID="animatedComponent"
        style={
          Object {
            "alignItems": "center",
            "bottom": 0,
            "justifyContent": "center",
            "left": 0,
            "position": "absolute",
            "right": 0,
            "top": 0,
          }
        }
      >
        <View
          style={
            Object {
              "height": 24,
              "transform": Array [
                Object {
                  "rotate": "45deg",
                },
              ],
              "width": 24,
            }
          }
        >
          <View
            collapsable={false}
            style={
              Object {
                "height": 12,
                "overflow": "hidden",
                "top": 12,
                "width": 24,
              }
            }
          >
            <View
              style={
                Object {
                  "height": 24,
                  "transform": Array [
                    Object {
                      "translateY": -12,
                    },
                    Object {
                      "rotate": "345deg",
                    },
                  ],
                  "width": 24,
                }
              }
            >
              <View
                collapsable={false}
                style={
                  Object {
                    "height": 12,
                    "overflow": "hidden",
                    "width": 24,
                  }
                }
              >
                <View
                  collapsable={false}
                  nativeID="animatedComponent"
                  style={
                    Object {
                      "borderColor": "#00C9D2",
                      "borderRadius": 12,
                      "borderWidth": 2.4,
                      "height": 24,
                      "width": 24,
                    }
                  }
                />
              </View>
            </View>
          </View>
        </View>
      </View>
    </View>
  </View>
</View>
`;
