// Jest Snapshot v1, https://goo.gl/fbAQLP

exports[`Molecules/TextInput should render snapshot 1`] = `
<View
  collapsable={false}
  pointerEvents="box-none"
  style={
    Object {
      "flex": 1,
    }
  }
>
  <View
    accessible={false}
    style={
      Array [
        Object {
          "marginBottom": 0,
          "marginLeft": 0,
          "marginRight": 0,
          "marginTop": 0,
          "paddingBottom": 0,
          "paddingLeft": 0,
          "paddingRight": 0,
          "paddingTop": 0,
        },
      ]
    }
    testID="View_TextInput"
  >
    <View
      style={Object {}}
    >
      <View>
        <View
          pointerEvents="none"
          style={
            Array [
              Object {
                "bottom": 0,
                "left": 0,
                "position": "absolute",
                "right": 0,
                "top": 6,
              },
              Object {
                "backgroundColor": "#fff",
                "borderColor": "#0000001f",
                "borderRadius": 4,
                "borderWidth": 1,
              },
            ]
          }
        />
        <View
          style={
            Array [
              Object {
                "paddingBottom": 0,
              },
              Object {
                "minHeight": 64,
                "paddingTop": 8,
              },
            ]
          }
        >
          <TextInput
            accessible={false}
            autoCapitalize="none"
            editable={true}
            keyboardType="default"
            multiline={false}
            onBlur={[Function]}
            onChangeText={[Function]}
            onFocus={[Function]}
            placeholderTextColor="rgba(0, 0, 0, 0.54)"
            secureTextEntry={false}
            selectionColor="#00C9D2"
            style={
              Array [
                Object {
                  "flexGrow": 1,
                  "margin": 0,
                  "paddingHorizontal": 14,
                  "zIndex": 1,
                },
                Object {
                  "height": 56,
                },
                Object {
                  "paddingBottom": 0,
                  "paddingTop": 0,
                },
                Object {
                  "color": "#424242",
                  "fontFamily": "System",
                  "fontSize": 16,
                  "fontWeight": undefined,
                  "textAlign": "left",
                  "textAlignVertical": "center",
                },
                false,
                Array [
                  Object {},
                ],
              ]
            }
            testID="TextInput_TextInput"
            underlineColorAndroid="transparent"
          />
        </View>
      </View>
    </View>
    <Text
      accessible={false}
      collapsable={false}
      nativeID="animatedComponent"
      onLayout={[Function]}
      style={
        Object {
          "color": "rgba(66, 66, 66, 0.54)",
          "fontFamily": "System",
          "fontSize": 12,
          "fontWeight": "400",
          "opacity": 0,
          "paddingHorizontal": 12,
          "paddingVertical": 4,
          "textAlign": "left",
          "transform": Array [],
          "writingDirection": "ltr",
        }
      }
      testID="Text_TextInput_helper"
    />
  </View>
</View>
`;
