// Jest Snapshot v1, https://goo.gl/fbAQLP

exports[`Atoms/Text should render snapshot 1`] = `
<View
  collapsable={false}
  pointerEvents="box-none"
  style={
    Object {
      "flex": 1,
    }
  }
>
  <Text
    accessible={false}
    style={
      Array [
        Object {
          "color": "#424242",
          "fontFamily": "System",
          "fontWeight": "400",
        },
        Object {
          "textAlign": "left",
        },
        Array [
          Object {
            "fontSize": 16,
          },
        ],
      ]
    }
    testID="Text_Text"
  >
    foo
  </Text>
</View>
`;
