// Jest Snapshot v1, https://goo.gl/fbAQLP

exports[`Templates/LocationsTemplate should render snapshot 1`] = `
<View
  collapsable={false}
  pointerEvents="box-none"
  style={
    Object {
      "flex": 1,
    }
  }
>
  <RCTSafeAreaView
    accessible={false}
    emulateUnlessSupported={true}
    style={
      Array [
        Object {
          "flexDirection": "column",
          "marginBottom": 0,
          "marginLeft": 0,
          "marginRight": 0,
          "marginTop": 0,
          "paddingBottom": 0,
          "paddingLeft": 0,
          "paddingRight": 0,
          "paddingTop": 0,
        },
        Object {
          "backgroundColor": "#fff",
          "flexBasis": 0,
          "flexGrow": 1,
          "flexShrink": 1,
        },
      ]
    }
    testID="SafeAreaView_LocationsTemplate"
  >
    <View
      accessible={false}
      flex={1}
      paddingStyle={0}
      style={
        Array [
          Object {
            "flexBasis": 0,
            "flexDirection": "column",
            "flexGrow": 1,
            "flexShrink": 1,
            "marginBottom": 0,
            "marginLeft": 0,
            "marginRight": 0,
            "marginTop": 0,
            "paddingBottom": 0,
            "paddingLeft": 0,
            "paddingRight": 0,
            "paddingTop": 0,
          },
        ]
      }
      testID="View_Flex"
    >
      <View
        onLayout={[Function]}
        style={
          Array [
            Object {
              "flex": 1,
            },
            Object {
              "paddingBottom": 0,
            },
          ]
        }
      >
        <View
          accessible={false}
          flex={1}
          style={
            Array [
              Object {
                "flexBasis": 0,
                "flexDirection": "column",
                "flexGrow": 1,
                "flexShrink": 1,
                "marginBottom": 0,
                "marginLeft": 0,
                "marginRight": 0,
                "marginTop": 0,
                "paddingBottom": 0,
                "paddingLeft": 0,
                "paddingRight": 0,
                "paddingTop": 0,
              },
            ]
          }
          testID="View_Flex"
        >
          <View
            accessible={false}
            flex={1}
            style={
              Array [
                Object {
                  "flexBasis": 0,
                  "flexDirection": "column",
                  "flexGrow": 1,
                  "flexShrink": 1,
                  "marginBottom": 0,
                  "marginLeft": 0,
                  "marginRight": 0,
                  "marginTop": 0,
                  "paddingBottom": 0,
                  "paddingLeft": 0,
                  "paddingRight": 0,
                  "paddingTop": 0,
                },
              ]
            }
            testID="View_Map"
          >
            <AIRMap
              handlePanDrag={false}
              initialRegion={null}
              onChange={[Function]}
              onLayout={[Function]}
              onMapReady={[Function]}
              onMarkerPress={[Function]}
              region={
                Object {
                  "latitude": 0,
                  "latitudeDelta": 0,
                  "longitude": 0,
                  "longitudeDelta": 0,
                }
              }
              showsUserLocation={true}
              style={
                Array [
                  Object {
                    "flexBasis": 0,
                    "flexGrow": 1,
                    "flexShrink": 1,
                  },
                ]
              }
            />
          </View>
        </View>
        <View
          accessible={false}
          style={
            Array [
              Object {
                "flexDirection": "column",
                "marginBottom": 0,
                "marginLeft": 0,
                "marginRight": 0,
                "marginTop": 0,
                "paddingBottom": 0,
                "paddingLeft": 0,
                "paddingRight": 0,
                "paddingTop": 0,
              },
            ]
          }
          testID="View_Flex"
        >
          <RCTScrollView
            accessible={false}
            contentContainerStyle={
              Object {
                "flexGrow": 1,
                "padding": undefined,
              }
            }
            style={
              Array [
                Object {
                  "flexDirection": "column",
                  "marginBottom": 0,
                  "marginLeft": 0,
                  "marginRight": 0,
                  "marginTop": 0,
                  "paddingBottom": 0,
                  "paddingLeft": 0,
                  "paddingRight": 0,
                  "paddingTop": 0,
                },
                Object {
                  "maxHeight": 144,
                },
              ]
            }
            testID="ScrollView_Flex"
          >
            <View />
          </RCTScrollView>
          <View
            accessible={false}
            paddingStyle="16px 16px 0"
            style={
              Array [
                Object {
                  "flexDirection": "column",
                  "marginBottom": 0,
                  "marginLeft": 0,
                  "marginRight": 0,
                  "marginTop": 0,
                  "paddingBottom": 0,
                  "paddingLeft": 16,
                  "paddingRight": 16,
                  "paddingTop": 16,
                },
              ]
            }
            testID="View_Flex"
          >
            <View
              accessible={false}
              style={
                Array [
                  Object {
                    "flexDirection": "column",
                    "marginBottom": 0,
                    "marginLeft": 0,
                    "marginRight": 0,
                    "marginTop": 0,
                    "paddingBottom": 0,
                    "paddingLeft": 0,
                    "paddingRight": 0,
                    "paddingTop": 0,
                  },
                ]
              }
              testID="View_TextInput"
            >
              <View
                style={Object {}}
              >
                <View>
                  <View
                    pointerEvents="none"
                    style={
                      Array [
                        Object {
                          "bottom": 0,
                          "left": 0,
                          "position": "absolute",
                          "right": 0,
                          "top": 6,
                        },
                        Object {
                          "backgroundColor": "#fff",
                          "borderColor": "#0000001f",
                          "borderRadius": 4,
                          "borderWidth": 1,
                        },
                      ]
                    }
                  />
                  <View
                    style={
                      Array [
                        Object {
                          "paddingBottom": 0,
                        },
                        Object {
                          "minHeight": 64,
                          "paddingTop": 8,
                        },
                      ]
                    }
                  >
                    <View
                      collapsable={false}
                      nativeID="animatedComponent"
                      pointerEvents="none"
                      style={
                        Object {
                          "bottom": 0,
                          "left": 0,
                          "opacity": 0,
                          "position": "absolute",
                          "right": 0,
                          "top": 0,
                          "transform": Array [
                            Object {
                              "translateX": 3,
                            },
                          ],
                        }
                      }
                    >
                      <View
                        collapsable={false}
                        nativeID="animatedComponent"
                        pointerEvents="none"
                        style={
                          Object {
                            "backgroundColor": "#fff",
                            "bottom": 4,
                            "left": 10,
                            "opacity": 1,
                            "position": "absolute",
                            "right": 0,
                            "top": 6,
                            "transform": Array [
                              Object {
                                "translateX": -3,
                              },
                            ],
                            "width": 8,
                          }
                        }
                      />
                      <Text
                        collapsable={false}
                        nativeID="animatedComponent"
                        numberOfLines={1}
                        style={
                          Object {
                            "backgroundColor": "#fff",
                            "color": "transparent",
                            "fontFamily": "System",
                            "fontSize": 16,
                            "fontWeight": undefined,
                            "left": 18,
                            "opacity": 1,
                            "paddingHorizontal": 0,
                            "position": "absolute",
                            "textAlign": "left",
                            "top": 37,
                            "transform": Array [
                              Object {
                                "translateX": 0,
                              },
                              Object {
                                "translateY": -30,
                              },
                              Object {
                                "scale": 0.75,
                              },
                              Object {
                                "scaleY": 0.2,
                              },
                            ],
                            "writingDirection": "ltr",
                          }
                        }
                      >
                        Distância máxima
                      </Text>
                      <Text
                        collapsable={false}
                        nativeID="animatedComponent"
                        numberOfLines={1}
                        onLayout={[Function]}
                        style={
                          Object {
                            "color": "#00C9D2",
                            "fontFamily": "System",
                            "fontSize": 16,
                            "fontWeight": undefined,
                            "left": 0,
                            "opacity": 0,
                            "paddingHorizontal": 14,
                            "position": "absolute",
                            "textAlign": "left",
                            "top": 36,
                            "transform": Array [
                              Object {
                                "translateX": 0,
                              },
                              Object {
                                "translateY": -30,
                              },
                              Object {
                                "scale": 0.75,
                              },
                            ],
                            "writingDirection": "ltr",
                          }
                        }
                      >
                        Distância máxima
                      </Text>
                      <Text
                        collapsable={false}
                        nativeID="animatedComponent"
                        numberOfLines={1}
                        style={
                          Object {
                            "color": "rgba(0, 0, 0, 0.54)",
                            "fontFamily": "System",
                            "fontSize": 16,
                            "fontWeight": undefined,
                            "left": 0,
                            "opacity": 0,
                            "paddingHorizontal": 14,
                            "position": "absolute",
                            "textAlign": "left",
                            "top": 36,
                            "transform": Array [
                              Object {
                                "translateX": 0,
                              },
                              Object {
                                "translateY": -30,
                              },
                              Object {
                                "scale": 0.75,
                              },
                            ],
                            "writingDirection": "ltr",
                          }
                        }
                      >
                        Distância máxima
                      </Text>
                    </View>
                    <TextInput
                      accessible={false}
                      autoCapitalize="sentences"
                      autoCorrect={true}
                      editable={true}
                      keyboardType="number-pad"
                      multiline={false}
                      onBlur={[Function]}
                      onChangeText={[Function]}
                      onFocus={[Function]}
                      placeholder=""
                      placeholderTextColor="rgba(0, 0, 0, 0.54)"
                      secureTextEntry={false}
                      selectionColor="#00C9D2"
                      style={
                        Array [
                          Object {
                            "flexGrow": 1,
                            "margin": 0,
                            "paddingHorizontal": 14,
                            "zIndex": 1,
                          },
                          Object {
                            "height": 56,
                          },
                          Object {
                            "paddingBottom": 0,
                            "paddingTop": 0,
                          },
                          Object {
                            "color": "#424242",
                            "fontFamily": "System",
                            "fontSize": 16,
                            "fontWeight": undefined,
                            "textAlign": "left",
                            "textAlignVertical": "center",
                          },
                          false,
                          Object {
                            "marginRight": 0,
                            "paddingRight": 44,
                          },
                        ]
                      }
                      testID="TextInput_TextInput"
                      underlineColorAndroid="transparent"
                      value="3"
                    />
                  </View>
                  <View
                    collapsable={false}
                    nativeID="animatedComponent"
                    onLayout={[Function]}
                    style={
                      Object {
                        "alignItems": "center",
                        "justifyContent": "center",
                        "opacity": 1,
                        "position": "absolute",
                        "right": 12,
                        "top": 35,
                      }
                    }
                  >
                    <Text
                      style={
                        Array [
                          Object {
                            "color": "rgba(66, 66, 66, 0.54)",
                          },
                          Object {
                            "fontFamily": "System",
                            "fontSize": 16,
                            "fontWeight": undefined,
                          },
                          undefined,
                        ]
                      }
                    >
                      km
                    </Text>
                  </View>
                </View>
              </View>
              <Text
                accessible={false}
                collapsable={false}
                nativeID="animatedComponent"
                onLayout={[Function]}
                style={
                  Object {
                    "color": "rgba(66, 66, 66, 0.54)",
                    "fontFamily": "System",
                    "fontSize": 12,
                    "fontWeight": "400",
                    "opacity": 0,
                    "paddingHorizontal": 12,
                    "paddingVertical": 4,
                    "textAlign": "left",
                    "transform": Array [],
                    "writingDirection": "ltr",
                  }
                }
                testID="Text_TextInput_helper"
              />
            </View>
          </View>
        </View>
      </View>
    </View>
  </RCTSafeAreaView>
</View>
`;
