// Jest Snapshot v1, https://goo.gl/fbAQLP

exports[`Templates/NotificationsTemplate should render snapshot 1`] = `
<View
  collapsable={false}
  pointerEvents="box-none"
  style={
    Object {
      "flex": 1,
    }
  }
>
  <RCTSafeAreaView
    accessible={false}
    emulateUnlessSupported={true}
    onPress={[MockFunction]}
    style={
      Array [
        Object {
          "flexDirection": "column",
          "marginBottom": 0,
          "marginLeft": 0,
          "marginRight": 0,
          "marginTop": 0,
          "paddingBottom": 0,
          "paddingLeft": 0,
          "paddingRight": 0,
          "paddingTop": 0,
        },
        Object {
          "backgroundColor": "#fff",
          "flexBasis": 0,
          "flexGrow": 1,
          "flexShrink": 1,
        },
      ]
    }
    testID="SafeAreaView_NotificationsTemplate"
  >
    <View
      accessible={false}
      flex={1}
      paddingStyle={16}
      style={
        Array [
          Object {
            "flexBasis": 0,
            "flexDirection": "column",
            "flexGrow": 1,
            "flexShrink": 1,
            "marginBottom": 0,
            "marginLeft": 0,
            "marginRight": 0,
            "marginTop": 0,
            "paddingBottom": 16,
            "paddingLeft": 16,
            "paddingRight": 16,
            "paddingTop": 16,
          },
        ]
      }
      testID="View_Flex"
    >
      <View
        accessible={false}
        flex={1}
        style={
          Array [
            Object {
              "flexBasis": 0,
              "flexDirection": "column",
              "flexGrow": 1,
              "flexShrink": 1,
              "marginBottom": 0,
              "marginLeft": 0,
              "marginRight": 0,
              "marginTop": 0,
              "paddingBottom": 0,
              "paddingLeft": 0,
              "paddingRight": 0,
              "paddingTop": 0,
            },
          ]
        }
        testID="View_Flex"
      >
        <View
          accessible={false}
          marginStyle="0 0 32px"
          style={
            Array [
              Object {
                "flexDirection": "column",
                "marginBottom": 32,
                "marginLeft": 0,
                "marginRight": 0,
                "marginTop": 0,
                "paddingBottom": 0,
                "paddingLeft": 0,
                "paddingRight": 0,
                "paddingTop": 0,
              },
            ]
          }
          testID="View_Flex"
        >
          <Text
            accessible={false}
            size={34}
            style={
              Array [
                Object {
                  "color": "#424242",
                  "fontFamily": "System",
                  "fontWeight": "400",
                },
                Object {
                  "textAlign": "left",
                },
                Array [
                  Object {
                    "color": "#424242",
                    "fontSize": 34,
                    "textAlign": "left",
                    "textDecorationColor": "black",
                    "textDecorationLine": "none",
                    "textDecorationStyle": "solid",
                  },
                ],
              ]
            }
            testID="Text_Text"
          >
            Lembretes Padr√µes
          </Text>
          <View
            collapsable={false}
            marginStyle="16px 0 0"
            nativeID="animatedComponent"
            style={
              Object {
                "backgroundColor": "transparent",
                "borderColor": "#00A3C9",
                "borderRadius": 4,
                "borderStyle": "solid",
                "borderWidth": 1,
                "elevation": 0,
                "marginBottom": 0,
                "marginLeft": 0,
                "marginRight": 0,
                "marginTop": 16,
                "minWidth": 64,
                "paddingBottom": 0,
                "paddingLeft": 0,
                "paddingRight": 0,
                "paddingTop": 0,
              }
            }
          >
            <View
              accessibilityRole="button"
              accessibilityState={
                Object {
                  "disabled": true,
                }
              }
              accessible={false}
              focusable={false}
              onClick={[Function]}
              onResponderGrant={[Function]}
              onResponderMove={[Function]}
              onResponderRelease={[Function]}
              onResponderTerminate={[Function]}
              onResponderTerminationRequest={[Function]}
              onStartShouldSetResponder={[Function]}
              style={
                Array [
                  Object {
                    "overflow": "hidden",
                  },
                  Object {
                    "borderRadius": 4,
                  },
                ]
              }
              testID="Pressable_Button"
            >
              <View
                style={
                  Array [
                    Object {
                      "alignItems": "center",
                      "flexDirection": "row",
                      "justifyContent": "center",
                    },
                    Object {
                      "paddingVertical": 6,
                    },
                  ]
                }
              >
                <Text
                  numberOfLines={1}
                  selectable={false}
                  style={
                    Array [
                      Object {
                        "color": "#424242",
                        "fontFamily": "System",
                        "fontWeight": "400",
                      },
                      Object {
                        "textAlign": "left",
                      },
                      Array [
                        Object {
                          "letterSpacing": 1,
                          "marginHorizontal": 16,
                          "marginVertical": 9,
                          "textAlign": "center",
                        },
                        undefined,
                        Object {
                          "textTransform": "uppercase",
                        },
                        Object {
                          "color": "#00C9D2",
                          "fontFamily": "System",
                          "fontWeight": "500",
                        },
                        Object {
                          "fontFamily": "System",
                          "fontWeight": "500",
                        },
                        Object {
                          "color": "#00C9D2",
                          "fontSize": 18,
                        },
                      ],
                    ]
                  }
                >
                  <Text
                    mode="outlined"
                    style={
                      Array [
                        Object {
                          "color": "#424242",
                          "fontFamily": "System",
                          "fontWeight": "400",
                        },
                        Object {
                          "textAlign": "left",
                        },
                        Array [
                          Object {
                            "color": "#00C9D2",
                            "fontSize": 18,
                            "fontWeight": "normal",
                          },
                        ],
                      ]
                    }
                  >
                    Vacina X
                  </Text>
                </Text>
              </View>
            </View>
          </View>
          <View
            collapsable={false}
            marginStyle="16px 0 0"
            nativeID="animatedComponent"
            style={
              Object {
                "backgroundColor": "transparent",
                "borderColor": "#00A3C9",
                "borderRadius": 4,
                "borderStyle": "solid",
                "borderWidth": 1,
                "elevation": 0,
                "marginBottom": 0,
                "marginLeft": 0,
                "marginRight": 0,
                "marginTop": 16,
                "minWidth": 64,
                "paddingBottom": 0,
                "paddingLeft": 0,
                "paddingRight": 0,
                "paddingTop": 0,
              }
            }
          >
            <View
              accessibilityRole="button"
              accessibilityState={
                Object {
                  "disabled": true,
                }
              }
              accessible={false}
              focusable={false}
              onClick={[Function]}
              onResponderGrant={[Function]}
              onResponderMove={[Function]}
              onResponderRelease={[Function]}
              onResponderTerminate={[Function]}
              onResponderTerminationRequest={[Function]}
              onStartShouldSetResponder={[Function]}
              style={
                Array [
                  Object {
                    "overflow": "hidden",
                  },
                  Object {
                    "borderRadius": 4,
                  },
                ]
              }
              testID="Pressable_Button"
            >
              <View
                style={
                  Array [
                    Object {
                      "alignItems": "center",
                      "flexDirection": "row",
                      "justifyContent": "center",
                    },
                    Object {
                      "paddingVertical": 6,
                    },
                  ]
                }
              >
                <Text
                  numberOfLines={1}
                  selectable={false}
                  style={
                    Array [
                      Object {
                        "color": "#424242",
                        "fontFamily": "System",
                        "fontWeight": "400",
                      },
                      Object {
                        "textAlign": "left",
                      },
                      Array [
                        Object {
                          "letterSpacing": 1,
                          "marginHorizontal": 16,
                          "marginVertical": 9,
                          "textAlign": "center",
                        },
                        undefined,
                        Object {
                          "textTransform": "uppercase",
                        },
                        Object {
                          "color": "#00C9D2",
                          "fontFamily": "System",
                          "fontWeight": "500",
                        },
                        Object {
                          "fontFamily": "System",
                          "fontWeight": "500",
                        },
                        Object {
                          "color": "#00C9D2",
                          "fontSize": 18,
                        },
                      ],
                    ]
                  }
                >
                  <Text
                    mode="outlined"
                    style={
                      Array [
                        Object {
                          "color": "#424242",
                          "fontFamily": "System",
                          "fontWeight": "400",
                        },
                        Object {
                          "textAlign": "left",
                        },
                        Array [
                          Object {
                            "color": "#00C9D2",
                            "fontSize": 18,
                            "fontWeight": "normal",
                          },
                        ],
                      ]
                    }
                  >
                    Vacina Y
                  </Text>
                </Text>
              </View>
            </View>
          </View>
        </View>
        <View
          accessible={false}
          style={
            Array [
              Object {
                "flexDirection": "column",
                "marginBottom": 0,
                "marginLeft": 0,
                "marginRight": 0,
                "marginTop": 0,
                "paddingBottom": 0,
                "paddingLeft": 0,
                "paddingRight": 0,
                "paddingTop": 0,
              },
            ]
          }
          testID="View_Flex"
        >
          <Text
            accessible={false}
            size={34}
            style={
              Array [
                Object {
                  "color": "#424242",
                  "fontFamily": "System",
                  "fontWeight": "400",
                },
                Object {
                  "textAlign": "left",
                },
                Array [
                  Object {
                    "color": "#424242",
                    "fontSize": 34,
                    "textAlign": "left",
                    "textDecorationColor": "black",
                    "textDecorationLine": "none",
                    "textDecorationStyle": "solid",
                  },
                ],
              ]
            }
            testID="Text_Text"
          >
            Lembretes Criados
          </Text>
          <View
            collapsable={false}
            marginStyle="16px 0 0"
            nativeID="animatedComponent"
            style={
              Object {
                "backgroundColor": "transparent",
                "borderColor": "#00A3C9",
                "borderRadius": 4,
                "borderStyle": "solid",
                "borderWidth": 1,
                "elevation": 0,
                "marginBottom": 0,
                "marginLeft": 0,
                "marginRight": 0,
                "marginTop": 16,
                "minWidth": 64,
                "paddingBottom": 0,
                "paddingLeft": 0,
                "paddingRight": 0,
                "paddingTop": 0,
              }
            }
          >
            <View
              accessibilityRole="button"
              accessibilityState={
                Object {
                  "disabled": true,
                }
              }
              accessible={false}
              focusable={false}
              onClick={[Function]}
              onResponderGrant={[Function]}
              onResponderMove={[Function]}
              onResponderRelease={[Function]}
              onResponderTerminate={[Function]}
              onResponderTerminationRequest={[Function]}
              onStartShouldSetResponder={[Function]}
              style={
                Array [
                  Object {
                    "overflow": "hidden",
                  },
                  Object {
                    "borderRadius": 4,
                  },
                ]
              }
              testID="Pressable_Button"
            >
              <View
                style={
                  Array [
                    Object {
                      "alignItems": "center",
                      "flexDirection": "row",
                      "justifyContent": "center",
                    },
                    Object {
                      "paddingVertical": 6,
                    },
                  ]
                }
              >
                <Text
                  numberOfLines={1}
                  selectable={false}
                  style={
                    Array [
                      Object {
                        "color": "#424242",
                        "fontFamily": "System",
                        "fontWeight": "400",
                      },
                      Object {
                        "textAlign": "left",
                      },
                      Array [
                        Object {
                          "letterSpacing": 1,
                          "marginHorizontal": 16,
                          "marginVertical": 9,
                          "textAlign": "center",
                        },
                        undefined,
                        Object {
                          "textTransform": "uppercase",
                        },
                        Object {
                          "color": "#00C9D2",
                          "fontFamily": "System",
                          "fontWeight": "500",
                        },
                        Object {
                          "fontFamily": "System",
                          "fontWeight": "500",
                        },
                        Object {
                          "color": "#00C9D2",
                          "fontSize": 18,
                        },
                      ],
                    ]
                  }
                >
                  <Text
                    mode="outlined"
                    style={
                      Array [
                        Object {
                          "color": "#424242",
                          "fontFamily": "System",
                          "fontWeight": "400",
                        },
                        Object {
                          "textAlign": "left",
                        },
                        Array [
                          Object {
                            "color": "#00C9D2",
                            "fontSize": 18,
                            "fontWeight": "normal",
                          },
                        ],
                      ]
                    }
                  >
                    Nome x
                  </Text>
                </Text>
              </View>
            </View>
          </View>
        </View>
      </View>
      <View
        collapsable={false}
        nativeID="animatedComponent"
        style={
          Object {
            "backgroundColor": "#00C9D2",
            "borderColor": "#00C9D2",
            "borderRadius": 4,
            "borderStyle": "solid",
            "borderWidth": 1,
            "elevation": 0,
            "marginBottom": 0,
            "marginLeft": 0,
            "marginRight": 0,
            "marginTop": 0,
            "minWidth": 64,
            "paddingBottom": 0,
            "paddingLeft": 0,
            "paddingRight": 0,
            "paddingTop": 0,
          }
        }
      >
        <View
          accessibilityRole="button"
          accessibilityState={
            Object {
              "disabled": true,
            }
          }
          accessible={false}
          focusable={false}
          onClick={[Function]}
          onResponderGrant={[Function]}
          onResponderMove={[Function]}
          onResponderRelease={[Function]}
          onResponderTerminate={[Function]}
          onResponderTerminationRequest={[Function]}
          onStartShouldSetResponder={[Function]}
          style={
            Array [
              Object {
                "overflow": "hidden",
              },
              Object {
                "borderRadius": 4,
              },
            ]
          }
          testID="Pressable_Button"
        >
          <View
            style={
              Array [
                Object {
                  "alignItems": "center",
                  "flexDirection": "row",
                  "justifyContent": "center",
                },
                Object {
                  "paddingVertical": 6,
                },
              ]
            }
          >
            <Text
              numberOfLines={1}
              selectable={false}
              style={
                Array [
                  Object {
                    "color": "#424242",
                    "fontFamily": "System",
                    "fontWeight": "400",
                  },
                  Object {
                    "textAlign": "left",
                  },
                  Array [
                    Object {
                      "letterSpacing": 1,
                      "marginHorizontal": 16,
                      "marginVertical": 9,
                      "textAlign": "center",
                    },
                    undefined,
                    Object {
                      "textTransform": "uppercase",
                    },
                    Object {
                      "color": "#000000",
                      "fontFamily": "System",
                      "fontWeight": "500",
                    },
                    Object {
                      "fontFamily": "System",
                      "fontWeight": "500",
                    },
                    Object {
                      "color": "#fff",
                      "fontSize": 18,
                    },
                  ],
                ]
              }
            >
              <Text
                mode="contained"
                style={
                  Array [
                    Object {
                      "color": "#424242",
                      "fontFamily": "System",
                      "fontWeight": "400",
                    },
                    Object {
                      "textAlign": "left",
                    },
                    Array [
                      Object {
                        "color": "#fff",
                        "fontSize": 18,
                        "fontWeight": "bold",
                      },
                    ],
                  ]
                }
              >
                Criar Lembrete
              </Text>
            </Text>
          </View>
        </View>
      </View>
    </View>
  </RCTSafeAreaView>
</View>
`;
